// Jest Snapshot v1, https://goo.gl/fbAQLP

exports[`<Filter /> should render the heading 1`] = `
.c0 {
  color: #fff;
  padding-top: 0.8rem;
}

.c0 >a {
  color: #fff;
  display: block;
  font-size: 1.2rem;
  position: absolute;
  right: 0.8rem;
  top: 0.8rem;
}

.c0 form {
  display: flex;
}

.c0 form button {
  border-radius: 0 0.4rem 0.4rem 0;
}

.c0 label {
  display: none;
  font-size: 1.2rem;
}

.c0 input {
  border: 0;
  border-radius: 0.4rem 0 0 0.4rem;
  color: #C96E12;
  cursor: pointer;
  flex: 1;
  font: 700 1.2rem mocked,-apple-system,BlinkMacSystemFont,'Segoe UI',Roboto,sans-serif;
  padding: 0.8rem 1.6rem;
  text-decoration: none;
}

.c1 {
  background: linear-gradient(180deg, #C96E12 0%, #DF8D03 50%);
  border: 0;
  border-radius: 0.4rem;
  color: #fff;
  display: inline-flex;
  cursor: pointer;
  font: 700 1.6rem mocked,-apple-system,BlinkMacSystemFont,'Segoe UI',Roboto,sans-serif;
  padding: 0.8rem 1.6rem;
  text-decoration: none;
}

.c1:hover {
  background: linear-gradient(180deg, #DF8D03 0%, #C96E12 50%);
}

@media (min-width: 450px) {
  .c0 {
    align-items: center;
    column-gap: 2.4rem;
    display: flex;
    justify-content: center;
    padding-top: 3.2rem;
  }

  .c0 label {
    line-height: 3.4rem;
    padding-right: 1.6rem;
  }

  .c0 input {
    flex: none;
    width: 25rem;
  }
}

<div
  class="c0"
>
  <a
    href="/add"
    title="add new bottle"
  >
    add new bottle
  </a>
  <form>
    <label
      for="beer_name"
    >
      Filter by name
    </label>
    <input
      id="beer_name"
      name="beer_name"
      placeholder="What beer are you looking for?"
      type="text"
    />
    <button
      class="c1"
      type="submit"
    >
      Search
    </button>
  </form>
</div>
`;
