// Jest Snapshot v1, https://goo.gl/fbAQLP

exports[`<BeerDetail /> should render the heading 1`] = `
.c0 {
  background-color: #FAE96F;
  border-radius: 0.4rem;
  color: #000;
  padding: 2.4rem;
}

.c0 h1 {
  font-size: 1.8rem;
  text-transform: uppercase;
}

.c0 h2 {
  font-size: 1.4rem;
}

.c0 h3,
.c0 h4 {
  padding-top: 1.6rem;
  text-transform: uppercase;
}

.c0 article {
  padding: 1.6rem 0;
  text-align: center;
}

.c0 section {
  font-size: 1.4rem;
  padding-top: 1.6rem;
  text-align: left;
}

.c0 section span {
  display: block;
  padding-top: 1.6rem;
}

.c0 section span strong {
  display: block;
  padding-bottom: 1.6rem;
  text-transform: uppercase;
}

.c0 a {
  font-size: 1.4rem;
}

.c0 ul {
  list-style-type: none;
  margin: 0;
  padding: 0;
}

@media (min-width: 450px) {
  .c0 article {
    align-items: center;
    column-gap: 1.6rem;
    display: flex;
    text-align: left;
  }
}

<main
  class="c0"
>
  <h1>
    Buzz
  </h1>
  <h2>
    A Real Bitter Experience.
  </h2>
  <article>
    <img
      alt="Buzz"
      data-nimg="1"
      decoding="async"
      height="360"
      loading="lazy"
      src="/_next/image?url=https%3A%2F%2Fimages.punkapi.com%2Fv2%2Fkeg.png&w=384&q=75"
      srcset="/_next/image?url=https%3A%2F%2Fimages.punkapi.com%2Fv2%2Fkeg.png&w=256&q=75 1x, /_next/image?url=https%3A%2F%2Fimages.punkapi.com%2Fv2%2Fkeg.png&w=384&q=75 2x"
      style="color: transparent;"
      width="180"
    />
    <section>
      A light, crisp and bitter IPA brewed with English and American hops. A small batch brewed only once.
      <span>
        <strong>
          Tips:
        </strong>
        The earthy and floral aromas from the hops can be overpowering. Drop a little Cascade in at the end of the boil to lift the profile with a bit of citrus.
      </span>
      <h3>
        Ingredients
      </h3>
      <ul>
        <li>
          <h4>
            malt
          </h4>
          <p>
            Maris Otter Extra Pale - 3.3 kilograms
          </p>
          <p>
            Caramalt - 0.2 kilograms
          </p>
          <p>
            Munich - 0.4 kilograms
          </p>
        </li>
        <li>
          <h4>
            hops
          </h4>
          <p>
            Fuggles - 25 grams
          </p>
          <p>
            First Gold - 25 grams
          </p>
          <p>
            Fuggles - 37.5 grams
          </p>
          <p>
            First Gold - 37.5 grams
          </p>
          <p>
            Cascade - 37.5 grams
          </p>
        </li>
        <li>
          <h4>
            yeast: Wyeast 1056 - American Aleâ„¢
          </h4>
        </li>
      </ul>
    </section>
  </article>
</main>
`;
