// Jest Snapshot v1, https://goo.gl/fbAQLP

exports[`<NewComponent /> should render the heading 1`] = `
<main
  class=""
>
  <h1>
    NewComponent
  </h1>
</main>
`;
